{
  "version": "1.5.0",
  "plugins_used": [
    {
      "name": "ArtifactoryDetector"
    },
    {
      "name": "AWSKeyDetector"
    },
    {
      "name": "AzureStorageKeyDetector"
    },
    {
      "name": "Base64HighEntropyString",
      "limit": 4.5
    },
    {
      "name": "BasicAuthDetector"
    },
    {
      "name": "CloudantDetector"
    },
    {
      "name": "DiscordBotTokenDetector"
    },
    {
      "name": "GitHubTokenDetector"
    },
    {
      "name": "GitLabTokenDetector"
    },
    {
      "name": "HexHighEntropyString",
      "limit": 3.0
    },
    {
      "name": "IbmCloudIamDetector"
    },
    {
      "name": "IbmCosHmacDetector"
    },
    {
      "name": "IPPublicDetector"
    },
    {
      "name": "JwtTokenDetector"
    },
    {
      "name": "KeywordDetector",
      "keyword_exclude": ""
    },
    {
      "name": "MailchimpDetector"
    },
    {
      "name": "NpmDetector"
    },
    {
      "name": "OpenAIDetector"
    },
    {
      "name": "PrivateKeyDetector"
    },
    {
      "name": "PypiTokenDetector"
    },
    {
      "name": "SendGridDetector"
    },
    {
      "name": "SlackDetector"
    },
    {
      "name": "SoftlayerDetector"
    },
    {
      "name": "SquareOAuthDetector"
    },
    {
      "name": "StripeDetector"
    },
    {
      "name": "TelegramBotTokenDetector"
    },
    {
      "name": "TwilioKeyDetector"
    }
  ],
  "filters_used": [
    {
      "path": "detect_secrets.filters.allowlist.is_line_allowlisted"
    },
    {
      "path": "detect_secrets.filters.common.is_ignored_due_to_verification_policies",
      "min_level": 2
    },
    {
      "path": "detect_secrets.filters.heuristic.is_indirect_reference"
    },
    {
      "path": "detect_secrets.filters.heuristic.is_likely_id_string"
    },
    {
      "path": "detect_secrets.filters.heuristic.is_lock_file"
    },
    {
      "path": "detect_secrets.filters.heuristic.is_not_alphanumeric_string"
    },
    {
      "path": "detect_secrets.filters.heuristic.is_potential_uuid"
    },
    {
      "path": "detect_secrets.filters.heuristic.is_prefixed_with_dollar_sign"
    },
    {
      "path": "detect_secrets.filters.heuristic.is_sequential_string"
    },
    {
      "path": "detect_secrets.filters.heuristic.is_swagger_file"
    },
    {
      "path": "detect_secrets.filters.heuristic.is_templated_secret"
    }
  ],
  "results": {
    "CLAUDE.md": [
      {
        "type": "Basic Auth Credentials",
        "filename": "CLAUDE.md",
        "hashed_secret": "829c3804401b0727f70f73d4415e162400cbe57b",
        "is_verified": false,
        "line_number": 458
      },
      {
        "type": "Basic Auth Credentials",
        "filename": "CLAUDE.md",
        "hashed_secret": "56c6c545d2f18851ee57d9278de7b121b7c23ccd",
        "is_verified": false,
        "line_number": 460
      }
    ],
    "backend/.env.example": [
      {
        "type": "Basic Auth Credentials",
        "filename": "backend/.env.example",
        "hashed_secret": "56c6c545d2f18851ee57d9278de7b121b7c23ccd",
        "is_verified": false,
        "line_number": 1
      }
    ],
    "backend/alembic.ini": [
      {
        "type": "Basic Auth Credentials",
        "filename": "backend/alembic.ini",
        "hashed_secret": "9d4e1e23bd5b727046a9e3b4b7db57bd8d6ee684",
        "is_verified": false,
        "line_number": 63
      }
    ],
    "backend/alembic/env.py": [
      {
        "type": "Basic Auth Credentials",
        "filename": "backend/alembic/env.py",
        "hashed_secret": "56c6c545d2f18851ee57d9278de7b121b7c23ccd",
        "is_verified": false,
        "line_number": 37
      }
    ],
    "backend/alembic/versions/20250902_2037_6c42743b461f_initial_complete_schema.py": [
      {
        "type": "Hex High Entropy String",
        "filename": "backend/alembic/versions/20250902_2037_6c42743b461f_initial_complete_schema.py",
        "hashed_secret": "82db8a1234521beb667feaa8e1b8df99865023bb",
        "is_verified": false,
        "line_number": 16
      }
    ],
    "backend/core/config.py": [
      {
        "type": "Basic Auth Credentials",
        "filename": "backend/core/config.py",
        "hashed_secret": "56c6c545d2f18851ee57d9278de7b121b7c23ccd",
        "is_verified": false,
        "line_number": 23
      },
      {
        "type": "Secret Keyword",
        "filename": "backend/core/config.py",
        "hashed_secret": "b42c1166aa6b91895221eae1b612cca07c78bfb8",
        "is_verified": false,
        "line_number": 96
      }
    ],
    "backend/database.py": [
      {
        "type": "Basic Auth Credentials",
        "filename": "backend/database.py",
        "hashed_secret": "56c6c545d2f18851ee57d9278de7b121b7c23ccd",
        "is_verified": false,
        "line_number": 10
      }
    ],
    "backend/scripts/test_lessons_api.py": [
      {
        "type": "Secret Keyword",
        "filename": "backend/scripts/test_lessons_api.py",
        "hashed_secret": "cbdbe4936ce8be63184d9f2e13fc249234371b9a",
        "is_verified": false,
        "line_number": 9
      }
    ],
    "backend/scripts/test_program_crud_api.py": [
      {
        "type": "Secret Keyword",
        "filename": "backend/scripts/test_program_crud_api.py",
        "hashed_secret": "cbdbe4936ce8be63184d9f2e13fc249234371b9a",
        "is_verified": false,
        "line_number": 11
      }
    ],
    "backend/scripts/test_real_students_data_api.py": [
      {
        "type": "Secret Keyword",
        "filename": "backend/scripts/test_real_students_data_api.py",
        "hashed_secret": "cbdbe4936ce8be63184d9f2e13fc249234371b9a",
        "is_verified": false,
        "line_number": 13
      }
    ],
    "backend/scripts/update_supabase_migration.py": [
      {
        "type": "Hex High Entropy String",
        "filename": "backend/scripts/update_supabase_migration.py",
        "hashed_secret": "459b3f563f9ac2d5de21e33b965f8e59fd09e59b",
        "is_verified": false,
        "line_number": 48
      }
    ],
    "backend/tests/e2e/test_all_features.py": [
      {
        "type": "Secret Keyword",
        "filename": "backend/tests/e2e/test_all_features.py",
        "hashed_secret": "cbdbe4936ce8be63184d9f2e13fc249234371b9a",
        "is_verified": false,
        "line_number": 16
      }
    ],
    "backend/tests/e2e/test_assignments_flow.py": [
      {
        "type": "Secret Keyword",
        "filename": "backend/tests/e2e/test_assignments_flow.py",
        "hashed_secret": "cbdbe4936ce8be63184d9f2e13fc249234371b9a",
        "is_verified": false,
        "line_number": 26
      },
      {
        "type": "Secret Keyword",
        "filename": "backend/tests/e2e/test_assignments_flow.py",
        "hashed_secret": "c8ab937dd191279dda7df86be44cdb74cdf11161",
        "is_verified": false,
        "line_number": 148
      }
    ],
    "backend/tests/e2e/test_complete_assignment_flow.py": [
      {
        "type": "Secret Keyword",
        "filename": "backend/tests/e2e/test_complete_assignment_flow.py",
        "hashed_secret": "cbdbe4936ce8be63184d9f2e13fc249234371b9a",
        "is_verified": false,
        "line_number": 20
      }
    ],
    "backend/tests/e2e/test_real_api.py": [
      {
        "type": "Secret Keyword",
        "filename": "backend/tests/e2e/test_real_api.py",
        "hashed_secret": "cbdbe4936ce8be63184d9f2e13fc249234371b9a",
        "is_verified": false,
        "line_number": 14
      }
    ],
    "backend/tests/integration/api/test_422_error.py": [
      {
        "type": "Secret Keyword",
        "filename": "backend/tests/integration/api/test_422_error.py",
        "hashed_secret": "cbdbe4936ce8be63184d9f2e13fc249234371b9a",
        "is_verified": false,
        "line_number": 21
      }
    ],
    "backend/tests/integration/api/test_add_student.py": [
      {
        "type": "Secret Keyword",
        "filename": "backend/tests/integration/api/test_add_student.py",
        "hashed_secret": "cbdbe4936ce8be63184d9f2e13fc249234371b9a",
        "is_verified": false,
        "line_number": 21
      }
    ],
    "backend/tests/integration/api/test_assign_student.py": [
      {
        "type": "Secret Keyword",
        "filename": "backend/tests/integration/api/test_assign_student.py",
        "hashed_secret": "cbdbe4936ce8be63184d9f2e13fc249234371b9a",
        "is_verified": false,
        "line_number": 15
      }
    ],
    "backend/tests/integration/api/test_assignment_complete.py": [
      {
        "type": "Secret Keyword",
        "filename": "backend/tests/integration/api/test_assignment_complete.py",
        "hashed_secret": "cbdbe4936ce8be63184d9f2e13fc249234371b9a",
        "is_verified": false,
        "line_number": 15
      }
    ],
    "backend/tests/integration/api/test_assignment_creation.py": [
      {
        "type": "Secret Keyword",
        "filename": "backend/tests/integration/api/test_assignment_creation.py",
        "hashed_secret": "cbfdac6008f9cab4083784cbd1874f76618d2a97",
        "is_verified": false,
        "line_number": 169
      }
    ],
    "backend/tests/integration/api/test_assignment_detail.py": [
      {
        "type": "Secret Keyword",
        "filename": "backend/tests/integration/api/test_assignment_detail.py",
        "hashed_secret": "c8ab937dd191279dda7df86be44cdb74cdf11161",
        "is_verified": false,
        "line_number": 22
      },
      {
        "type": "Secret Keyword",
        "filename": "backend/tests/integration/api/test_assignment_detail.py",
        "hashed_secret": "cbdbe4936ce8be63184d9f2e13fc249234371b9a",
        "is_verified": false,
        "line_number": 163
      }
    ],
    "backend/tests/integration/api/test_assignment_timestamps.py": [
      {
        "type": "Secret Keyword",
        "filename": "backend/tests/integration/api/test_assignment_timestamps.py",
        "hashed_secret": "cbfdac6008f9cab4083784cbd1874f76618d2a97",
        "is_verified": false,
        "line_number": 162
      }
    ],
    "backend/tests/integration/api/test_assignments.py": [
      {
        "type": "Secret Keyword",
        "filename": "backend/tests/integration/api/test_assignments.py",
        "hashed_secret": "f409ce90a1cd144912d1df8620215b2dc9fda731",
        "is_verified": false,
        "line_number": 67
      }
    ],
    "backend/tests/integration/api/test_assignments_integration.py": [
      {
        "type": "Secret Keyword",
        "filename": "backend/tests/integration/api/test_assignments_integration.py",
        "hashed_secret": "cbdbe4936ce8be63184d9f2e13fc249234371b9a",
        "is_verified": false,
        "line_number": 18
      },
      {
        "type": "Secret Keyword",
        "filename": "backend/tests/integration/api/test_assignments_integration.py",
        "hashed_secret": "c8ab937dd191279dda7df86be44cdb74cdf11161",
        "is_verified": false,
        "line_number": 24
      }
    ],
    "backend/tests/integration/api/test_audio_features.py": [
      {
        "type": "Secret Keyword",
        "filename": "backend/tests/integration/api/test_audio_features.py",
        "hashed_secret": "3acfb2c2b433c0ea7ff107e33df91b18e52f960f",
        "is_verified": false,
        "line_number": 124
      }
    ],
    "backend/tests/integration/api/test_classroom_api.py": [
      {
        "type": "Secret Keyword",
        "filename": "backend/tests/integration/api/test_classroom_api.py",
        "hashed_secret": "cbdbe4936ce8be63184d9f2e13fc249234371b9a",
        "is_verified": false,
        "line_number": 15
      }
    ],
    "backend/tests/integration/api/test_classroom_crud.py": [
      {
        "type": "Secret Keyword",
        "filename": "backend/tests/integration/api/test_classroom_crud.py",
        "hashed_secret": "cbdbe4936ce8be63184d9f2e13fc249234371b9a",
        "is_verified": false,
        "line_number": 11
      }
    ],
    "backend/tests/integration/api/test_classroom_deletion.py": [
      {
        "type": "Secret Keyword",
        "filename": "backend/tests/integration/api/test_classroom_deletion.py",
        "hashed_secret": "cbdbe4936ce8be63184d9f2e13fc249234371b9a",
        "is_verified": false,
        "line_number": 18
      }
    ],
    "backend/tests/integration/api/test_create_classroom.py": [
      {
        "type": "Secret Keyword",
        "filename": "backend/tests/integration/api/test_create_classroom.py",
        "hashed_secret": "cbdbe4936ce8be63184d9f2e13fc249234371b9a",
        "is_verified": false,
        "line_number": 21
      }
    ],
    "backend/tests/integration/api/test_create_program.py": [
      {
        "type": "Secret Keyword",
        "filename": "backend/tests/integration/api/test_create_program.py",
        "hashed_secret": "cbdbe4936ce8be63184d9f2e13fc249234371b9a",
        "is_verified": false,
        "line_number": 9
      }
    ],
    "backend/tests/integration/api/test_duplicate_email.py": [
      {
        "type": "Secret Keyword",
        "filename": "backend/tests/integration/api/test_duplicate_email.py",
        "hashed_secret": "cbdbe4936ce8be63184d9f2e13fc249234371b9a",
        "is_verified": false,
        "line_number": 20
      }
    ],
    "backend/tests/integration/api/test_lesson_crud.py": [
      {
        "type": "Secret Keyword",
        "filename": "backend/tests/integration/api/test_lesson_crud.py",
        "hashed_secret": "cbdbe4936ce8be63184d9f2e13fc249234371b9a",
        "is_verified": false,
        "line_number": 18
      }
    ],
    "backend/tests/integration/api/test_reorder.py": [
      {
        "type": "Secret Keyword",
        "filename": "backend/tests/integration/api/test_reorder.py",
        "hashed_secret": "cbdbe4936ce8be63184d9f2e13fc249234371b9a",
        "is_verified": false,
        "line_number": 16
      }
    ],
    "backend/tests/integration/api/test_reorder_api.py": [
      {
        "type": "Secret Keyword",
        "filename": "backend/tests/integration/api/test_reorder_api.py",
        "hashed_secret": "cbdbe4936ce8be63184d9f2e13fc249234371b9a",
        "is_verified": false,
        "line_number": 14
      }
    ],
    "backend/tests/integration/api/test_soft_delete_program.py": [
      {
        "type": "Secret Keyword",
        "filename": "backend/tests/integration/api/test_soft_delete_program.py",
        "hashed_secret": "cbdbe4936ce8be63184d9f2e13fc249234371b9a",
        "is_verified": false,
        "line_number": 18
      }
    ],
    "backend/tests/integration/api/test_student_api.py": [
      {
        "type": "Secret Keyword",
        "filename": "backend/tests/integration/api/test_student_api.py",
        "hashed_secret": "c8ab937dd191279dda7df86be44cdb74cdf11161",
        "is_verified": false,
        "line_number": 17
      },
      {
        "type": "Secret Keyword",
        "filename": "backend/tests/integration/api/test_student_api.py",
        "hashed_secret": "6cf9a68778b1be621c1ae1ea142279a1c5a75193",
        "is_verified": false,
        "line_number": 29
      },
      {
        "type": "Secret Keyword",
        "filename": "backend/tests/integration/api/test_student_api.py",
        "hashed_secret": "7f6d5eea1bcef5ca6209d33b28e3aaeb3db26f24",
        "is_verified": false,
        "line_number": 41
      }
    ],
    "backend/tests/integration/api/test_student_classroom_assignment.py": [
      {
        "type": "Secret Keyword",
        "filename": "backend/tests/integration/api/test_student_classroom_assignment.py",
        "hashed_secret": "cbdbe4936ce8be63184d9f2e13fc249234371b9a",
        "is_verified": false,
        "line_number": 18
      }
    ],
    "backend/tests/integration/api/test_student_creation_no_classroom.py": [
      {
        "type": "Secret Keyword",
        "filename": "backend/tests/integration/api/test_student_creation_no_classroom.py",
        "hashed_secret": "cbdbe4936ce8be63184d9f2e13fc249234371b9a",
        "is_verified": false,
        "line_number": 21
      }
    ],
    "backend/tests/integration/api/test_student_crud_unassigned.py": [
      {
        "type": "Secret Keyword",
        "filename": "backend/tests/integration/api/test_student_crud_unassigned.py",
        "hashed_secret": "cbdbe4936ce8be63184d9f2e13fc249234371b9a",
        "is_verified": false,
        "line_number": 18
      }
    ],
    "backend/tests/integration/api/test_student_deletion_soft_delete.py": [
      {
        "type": "Secret Keyword",
        "filename": "backend/tests/integration/api/test_student_deletion_soft_delete.py",
        "hashed_secret": "cbdbe4936ce8be63184d9f2e13fc249234371b9a",
        "is_verified": false,
        "line_number": 18
      }
    ],
    "backend/tests/integration/api/test_students_comprehensive.py": [
      {
        "type": "Secret Keyword",
        "filename": "backend/tests/integration/api/test_students_comprehensive.py",
        "hashed_secret": "d8ecf7db8fc9ec9c31bc5c9ae2929cc599c75f8d",
        "is_verified": false,
        "line_number": 66
      }
    ],
    "backend/tests/integration/api/test_teacher_api.py": [
      {
        "type": "Secret Keyword",
        "filename": "backend/tests/integration/api/test_teacher_api.py",
        "hashed_secret": "cbdbe4936ce8be63184d9f2e13fc249234371b9a",
        "is_verified": false,
        "line_number": 11
      }
    ],
    "backend/tests/integration/api/test_teacher_crud.py": [
      {
        "type": "Secret Keyword",
        "filename": "backend/tests/integration/api/test_teacher_crud.py",
        "hashed_secret": "cbdbe4936ce8be63184d9f2e13fc249234371b9a",
        "is_verified": false,
        "line_number": 24
      }
    ],
    "backend/tests/integration/api/test_teacher_demo.py": [
      {
        "type": "Secret Keyword",
        "filename": "backend/tests/integration/api/test_teacher_demo.py",
        "hashed_secret": "cbdbe4936ce8be63184d9f2e13fc249234371b9a",
        "is_verified": false,
        "line_number": 28
      }
    ],
    "backend/tests/integration/api/test_teachers_additional_coverage.py": [
      {
        "type": "Secret Keyword",
        "filename": "backend/tests/integration/api/test_teachers_additional_coverage.py",
        "hashed_secret": "e24114b7e08681dc91c43a0a76e8b7c14f8c2fb8",
        "is_verified": false,
        "line_number": 21
      },
      {
        "type": "Secret Keyword",
        "filename": "backend/tests/integration/api/test_teachers_additional_coverage.py",
        "hashed_secret": "2438cdb788a14da2ef2c7a4784415275998cd4a3",
        "is_verified": false,
        "line_number": 47
      }
    ],
    "backend/tests/integration/api/test_unassign.py": [
      {
        "type": "Secret Keyword",
        "filename": "backend/tests/integration/api/test_unassign.py",
        "hashed_secret": "cbdbe4936ce8be63184d9f2e13fc249234371b9a",
        "is_verified": false,
        "line_number": 12
      }
    ],
    "backend/tests/integration/auth/test_auth.py": [
      {
        "type": "Secret Keyword",
        "filename": "backend/tests/integration/auth/test_auth.py",
        "hashed_secret": "7288edd0fc3ffcbe93a0cf06e3568e28521687bc",
        "is_verified": false,
        "line_number": 15
      },
      {
        "type": "Secret Keyword",
        "filename": "backend/tests/integration/auth/test_auth.py",
        "hashed_secret": "d8ecf7db8fc9ec9c31bc5c9ae2929cc599c75f8d",
        "is_verified": false,
        "line_number": 39
      },
      {
        "type": "Secret Keyword",
        "filename": "backend/tests/integration/auth/test_auth.py",
        "hashed_secret": "a8af4759392d4f7496d613174f33afe2074a4b8d",
        "is_verified": false,
        "line_number": 100
      },
      {
        "type": "Secret Keyword",
        "filename": "backend/tests/integration/auth/test_auth.py",
        "hashed_secret": "aafdc23870ecbcd3d557b6423a8982134e17927e",
        "is_verified": false,
        "line_number": 148
      },
      {
        "type": "Secret Keyword",
        "filename": "backend/tests/integration/auth/test_auth.py",
        "hashed_secret": "cbdbe4936ce8be63184d9f2e13fc249234371b9a",
        "is_verified": false,
        "line_number": 208
      }
    ],
    "backend/tests/integration/auth/test_auth_comprehensive.py": [
      {
        "type": "Secret Keyword",
        "filename": "backend/tests/integration/auth/test_auth_comprehensive.py",
        "hashed_secret": "7288edd0fc3ffcbe93a0cf06e3568e28521687bc",
        "is_verified": false,
        "line_number": 24
      },
      {
        "type": "Secret Keyword",
        "filename": "backend/tests/integration/auth/test_auth_comprehensive.py",
        "hashed_secret": "dee81e7c5c34ddc8bc53cef591410d3db6dacd46",
        "is_verified": false,
        "line_number": 325
      }
    ],
    "backend/tests/integration/auth/test_auth_missing_coverage.py": [
      {
        "type": "Secret Keyword",
        "filename": "backend/tests/integration/auth/test_auth_missing_coverage.py",
        "hashed_secret": "5a0aee0f3af308cd6d74d617fde6592c2bc94fa3",
        "is_verified": false,
        "line_number": 19
      },
      {
        "type": "Secret Keyword",
        "filename": "backend/tests/integration/auth/test_auth_missing_coverage.py",
        "hashed_secret": "b5bc013af872265e389b3abee36dd4932a206ab8",
        "is_verified": false,
        "line_number": 32
      },
      {
        "type": "Secret Keyword",
        "filename": "backend/tests/integration/auth/test_auth_missing_coverage.py",
        "hashed_secret": "e8662cfb96bd9c7fe84c31d76819ec3a92c80e63",
        "is_verified": false,
        "line_number": 33
      },
      {
        "type": "Secret Keyword",
        "filename": "backend/tests/integration/auth/test_auth_missing_coverage.py",
        "hashed_secret": "9901bacb8f7679599cb2ec9293b0a4700dcee13a",
        "is_verified": false,
        "line_number": 105
      },
      {
        "type": "Secret Keyword",
        "filename": "backend/tests/integration/auth/test_auth_missing_coverage.py",
        "hashed_secret": "9fb7fe1217aed442b04c0f5e43b5d5a7d3287097",
        "is_verified": false,
        "line_number": 173
      }
    ],
    "backend/tests/integration/test_all_api_endpoints.py": [
      {
        "type": "Secret Keyword",
        "filename": "backend/tests/integration/test_all_api_endpoints.py",
        "hashed_secret": "cbdbe4936ce8be63184d9f2e13fc249234371b9a",
        "is_verified": false,
        "line_number": 24
      }
    ],
    "backend/tests/unit/test_assignment_models.py": [
      {
        "type": "Secret Keyword",
        "filename": "backend/tests/unit/test_assignment_models.py",
        "hashed_secret": "f409ce90a1cd144912d1df8620215b2dc9fda731",
        "is_verified": false,
        "line_number": 42
      }
    ],
    "backend/tests/unit/test_router_configuration.py": [
      {
        "type": "Secret Keyword",
        "filename": "backend/tests/unit/test_router_configuration.py",
        "hashed_secret": "cbdbe4936ce8be63184d9f2e13fc249234371b9a",
        "is_verified": false,
        "line_number": 193
      }
    ],
    "backend/tests/unit/test_schemas.py": [
      {
        "type": "Secret Keyword",
        "filename": "backend/tests/unit/test_schemas.py",
        "hashed_secret": "cbfdac6008f9cab4083784cbd1874f76618d2a97",
        "is_verified": false,
        "line_number": 24
      },
      {
        "type": "Secret Keyword",
        "filename": "backend/tests/unit/test_schemas.py",
        "hashed_secret": "ea0c04513c32717f3a09ff7b1fa882c4d8424b2a",
        "is_verified": false,
        "line_number": 91
      },
      {
        "type": "Secret Keyword",
        "filename": "backend/tests/unit/test_schemas.py",
        "hashed_secret": "5baa61e4c9b93f3f0682250b6cf8331b7ee68fd8",
        "is_verified": false,
        "line_number": 102
      }
    ],
    "docker-compose.yml": [
      {
        "type": "Secret Keyword",
        "filename": "docker-compose.yml",
        "hashed_secret": "56c6c545d2f18851ee57d9278de7b121b7c23ccd",
        "is_verified": false,
        "line_number": 8
      }
    ],
    "docs/DEPLOYMENT.md": [
      {
        "type": "Basic Auth Credentials",
        "filename": "docs/DEPLOYMENT.md",
        "hashed_secret": "56c6c545d2f18851ee57d9278de7b121b7c23ccd",
        "is_verified": false,
        "line_number": 104
      }
    ],
    "docs/TESTING_GUIDE.md": [
      {
        "type": "Secret Keyword",
        "filename": "docs/TESTING_GUIDE.md",
        "hashed_secret": "cbdbe4936ce8be63184d9f2e13fc249234371b9a",
        "is_verified": false,
        "line_number": 152
      }
    ],
    "frontend/src/pages/TeacherLogin.tsx": [
      {
        "type": "Secret Keyword",
        "filename": "frontend/src/pages/TeacherLogin.tsx",
        "hashed_secret": "cbdbe4936ce8be63184d9f2e13fc249234371b9a",
        "is_verified": false,
        "line_number": 42
      }
    ],
    "frontend/src/pages/__tests__/TeacherLogin.test.tsx": [
      {
        "type": "Secret Keyword",
        "filename": "frontend/src/pages/__tests__/TeacherLogin.test.tsx",
        "hashed_secret": "cbfdac6008f9cab4083784cbd1874f76618d2a97",
        "is_verified": false,
        "line_number": 104
      },
      {
        "type": "Secret Keyword",
        "filename": "frontend/src/pages/__tests__/TeacherLogin.test.tsx",
        "hashed_secret": "cbdbe4936ce8be63184d9f2e13fc249234371b9a",
        "is_verified": false,
        "line_number": 193
      }
    ],
    "frontend/test_tags_frontend.html": [
      {
        "type": "Secret Keyword",
        "filename": "frontend/test_tags_frontend.html",
        "hashed_secret": "cbdbe4936ce8be63184d9f2e13fc249234371b9a",
        "is_verified": false,
        "line_number": 47
      }
    ],
    "frontend/tests/e2e/assignment-dashboard.spec.ts": [
      {
        "type": "Secret Keyword",
        "filename": "frontend/tests/e2e/assignment-dashboard.spec.ts",
        "hashed_secret": "cbfdac6008f9cab4083784cbd1874f76618d2a97",
        "is_verified": false,
        "line_number": 6
      }
    ],
    "scripts/setup-cloudsql-proxy.sh": [
      {
        "type": "Basic Auth Credentials",
        "filename": "scripts/setup-cloudsql-proxy.sh",
        "hashed_secret": "5baa61e4c9b93f3f0682250b6cf8331b7ee68fd8",
        "is_verified": false,
        "line_number": 39
      }
    ],
    "tests/audio-e2e.spec.ts": [
      {
        "type": "Secret Keyword",
        "filename": "tests/audio-e2e.spec.ts",
        "hashed_secret": "cbdbe4936ce8be63184d9f2e13fc249234371b9a",
        "is_verified": false,
        "line_number": 4
      }
    ],
    "tests/e2e/teacher_flow.spec.js": [
      {
        "type": "Secret Keyword",
        "filename": "tests/e2e/teacher_flow.spec.js",
        "hashed_secret": "cbdbe4936ce8be63184d9f2e13fc249234371b9a",
        "is_verified": false,
        "line_number": 6
      }
    ],
    "tests/html_tests/test_frontend_students.html": [
      {
        "type": "Secret Keyword",
        "filename": "tests/html_tests/test_frontend_students.html",
        "hashed_secret": "cbdbe4936ce8be63184d9f2e13fc249234371b9a",
        "is_verified": false,
        "line_number": 15
      }
    ],
    "tests/reading-assessment-basic.spec.ts": [
      {
        "type": "Secret Keyword",
        "filename": "tests/reading-assessment-basic.spec.ts",
        "hashed_secret": "cbdbe4936ce8be63184d9f2e13fc249234371b9a",
        "is_verified": false,
        "line_number": 4
      }
    ],
    "tests/reading-assessment.spec.ts": [
      {
        "type": "Secret Keyword",
        "filename": "tests/reading-assessment.spec.ts",
        "hashed_secret": "cbdbe4936ce8be63184d9f2e13fc249234371b9a",
        "is_verified": false,
        "line_number": 4
      }
    ]
  },
  "generated_at": "2025-09-05T18:47:50Z"
}
